Copyright 1986-2022 Xilinx, Inc. All Rights Reserved. Copyright 2022-2024 Advanced Micro Devices, Inc. All Rights Reserved.
------------------------------------------------------------------------------------------------------------------------------------------------------------------------------------------
| Tool Version : Vivado v.2024.2.1 (win64) Build 5266912 Sun Dec 15 09:03:24 MST 2024
| Date         : Tue Jan 14 13:43:23 2025
| Host         : Jupiter running 64-bit major release  (build 9200)
| Command      : report_bus_skew -warn_on_violation -file pfet_system_wrapper_bus_skew_routed.rpt -pb pfet_system_wrapper_bus_skew_routed.pb -rpx pfet_system_wrapper_bus_skew_routed.rpx
| Design       : pfet_system_wrapper
| Device       : 7z020-clg400
| Speed File   : -1  PRODUCTION 1.12 2019-11-22
| Design State : Routed
------------------------------------------------------------------------------------------------------------------------------------------------------------------------------------------

Bus Skew Report

No bus skew constraints

